2026-08-06 10:55:27.869 +02:00 [FTL] Application startup failed.
Microsoft.Extensions.Hosting.HostAbortedException: The host was aborted.
   at Microsoft.Extensions.Hosting.HostFactoryResolver.HostingListener.ThrowHostAborted()
   at Microsoft.Extensions.Hosting.HostFactoryResolver.HostingListener.OnNext(KeyValuePair`2 value)
   at System.Diagnostics.DiagnosticListener.Write(String name, Object value)
   at Microsoft.Extensions.Hosting.HostBuilder.ResolveHost(IServiceProvider serviceProvider, DiagnosticListener diagnosticListener)
   at Microsoft.Extensions.Hosting.HostApplicationBuilder.Build()
   at Microsoft.AspNetCore.Builder.WebApplicationBuilder.Build()
   at Program.<Main>$(String[] args) in c:\Users\g990564\source\repos\payrollsa\payrollsa\src\Payroll.Api\Program.cs:line 51
2026-08-06 11:08:46.340 +02:00 [WRN] No instantiatable types implementing `IEntityTypeConfiguration` were found while scanning assembly 'Payroll.Infrastructure, Version=1.0.0.0, Culture=neutral, PublicKeyToken=null'.
2026-08-06 11:08:48.163 +02:00 [WRN] The WebRootPath was not found: C:\Users\g990564\source\repos\payrollsa\payrollsa\src\Payroll.Api\wwwroot. Static files may be unavailable.
2026-08-06 11:08:48.217 +02:00 [WRN] The WebRootPath was not found: C:\Users\g990564\source\repos\payrollsa\payrollsa\src\Payroll.Api\wwwroot. Static files may be unavailable.
2026-08-06 11:08:48.306 +02:00 [INF] Starting Hangfire Server using job storage: 'In-Memory Storage'
2026-08-06 11:08:48.308 +02:00 [INF] Using the following options for Hangfire Server:
    Worker count: 20
    Listening queues: 'default'
    Shutdown timeout: 00:00:15
    Schedule polling interval: 00:00:15
2026-08-06 11:08:48.325 +02:00 [INF] Server pf66lh68:25164:c1b10b3c successfully announced in 3.0678 ms
2026-08-06 11:08:48.329 +02:00 [INF] Server pf66lh68:25164:c1b10b3c is starting the registered dispatchers: ServerWatchdog, ServerJobCancellationWatcher, Worker, DelayedJobScheduler, RecurringJobScheduler...
2026-08-06 11:08:48.339 +02:00 [INF] Server pf66lh68:25164:c1b10b3c all the dispatchers started
2026-08-06 11:19:26.493 +02:00 [WRN] No instantiatable types implementing `IEntityTypeConfiguration` were found while scanning assembly 'Payroll.Infrastructure, Version=1.0.0.0, Culture=neutral, PublicKeyToken=null'.
2026-08-06 11:19:27.931 +02:00 [WRN] The WebRootPath was not found: C:\Users\g990564\source\repos\payrollsa\payrollsa\src\Payroll.Api\wwwroot. Static files may be unavailable.
2026-08-06 11:19:28.000 +02:00 [WRN] The WebRootPath was not found: C:\Users\g990564\source\repos\payrollsa\payrollsa\src\Payroll.Api\wwwroot. Static files may be unavailable.
2026-08-06 11:19:28.092 +02:00 [INF] Starting Hangfire Server using job storage: 'In-Memory Storage'
2026-08-06 11:19:28.094 +02:00 [INF] Using the following options for Hangfire Server:
    Worker count: 20
    Listening queues: 'default'
    Shutdown timeout: 00:00:15
    Schedule polling interval: 00:00:15
2026-08-06 11:19:28.114 +02:00 [INF] Server pf66lh68:33200:a48f7840 successfully announced in 3.5846 ms
2026-08-06 11:19:28.119 +02:00 [INF] Server pf66lh68:33200:a48f7840 is starting the registered dispatchers: ServerWatchdog, ServerJobCancellationWatcher, Worker, DelayedJobScheduler, RecurringJobScheduler...
2026-08-06 11:19:28.131 +02:00 [INF] Server pf66lh68:33200:a48f7840 all the dispatchers started
2026-08-06 11:45:53.187 +02:00 [WRN] No instantiatable types implementing `IEntityTypeConfiguration` were found while scanning assembly 'Payroll.Infrastructure, Version=1.0.0.0, Culture=neutral, PublicKeyToken=null'.
2026-08-06 11:45:54.469 +02:00 [WRN] The WebRootPath was not found: C:\Users\g990564\source\repos\payrollsa\payrollsa\src\Payroll.Api\wwwroot. Static files may be unavailable.
2026-08-06 11:45:54.541 +02:00 [WRN] The WebRootPath was not found: C:\Users\g990564\source\repos\payrollsa\payrollsa\src\Payroll.Api\wwwroot. Static files may be unavailable.
2026-08-06 11:45:54.624 +02:00 [INF] Starting Hangfire Server using job storage: 'In-Memory Storage'
2026-08-06 11:45:54.628 +02:00 [INF] Using the following options for Hangfire Server:
    Worker count: 20
    Listening queues: 'default'
    Shutdown timeout: 00:00:15
    Schedule polling interval: 00:00:15
2026-08-06 11:45:54.652 +02:00 [INF] Server pf66lh68:39268:771155d6 successfully announced in 3.8747 ms
2026-08-06 11:45:54.661 +02:00 [INF] Server pf66lh68:39268:771155d6 is starting the registered dispatchers: ServerWatchdog, ServerJobCancellationWatcher, Worker, DelayedJobScheduler, RecurringJobScheduler...
2026-08-06 11:45:54.684 +02:00 [INF] Server pf66lh68:39268:771155d6 all the dispatchers started
2026-08-06 11:46:58.488 +02:00 [INF] Server pf66lh68:39268:771155d6 caught stopping signal...
2026-08-06 11:46:58.492 +02:00 [INF] Server pf66lh68:39268:771155d6 All dispatchers stopped
2026-08-06 11:46:58.495 +02:00 [INF] Server pf66lh68:39268:771155d6 successfully reported itself as stopped in 0.8033 ms
2026-08-06 11:46:58.498 +02:00 [INF] Server pf66lh68:39268:771155d6 has been stopped in total 8.4104 ms
2026-08-06 11:51:53.113 +02:00 [WRN] No instantiatable types implementing `IEntityTypeConfiguration` were found while scanning assembly 'Payroll.Infrastructure, Version=1.0.0.0, Culture=neutral, PublicKeyToken=null'.
2026-08-06 11:51:54.077 +02:00 [WRN] The WebRootPath was not found: C:\Users\g990564\source\repos\payrollsa\payrollsa\src\Payroll.Api\wwwroot. Static files may be unavailable.
2026-08-06 11:51:54.137 +02:00 [WRN] The WebRootPath was not found: C:\Users\g990564\source\repos\payrollsa\payrollsa\src\Payroll.Api\wwwroot. Static files may be unavailable.
2026-08-06 11:51:54.217 +02:00 [INF] Starting Hangfire Server using job storage: 'In-Memory Storage'
2026-08-06 11:51:54.219 +02:00 [INF] Using the following options for Hangfire Server:
    Worker count: 20
    Listening queues: 'default'
    Shutdown timeout: 00:00:15
    Schedule polling interval: 00:00:15
2026-08-06 11:51:54.244 +02:00 [INF] Server pf66lh68:40636:ebeefdef successfully announced in 6.2308 ms
2026-08-06 11:51:54.249 +02:00 [INF] Server pf66lh68:40636:ebeefdef is starting the registered dispatchers: ServerWatchdog, ServerJobCancellationWatcher, Worker, DelayedJobScheduler, RecurringJobScheduler...
2026-08-06 11:51:54.266 +02:00 [INF] Server pf66lh68:40636:ebeefdef all the dispatchers started
2026-08-06 11:55:44.252 +02:00 [INF] Server pf66lh68:40636:ebeefdef caught stopping signal...
2026-08-06 11:55:44.256 +02:00 [INF] Server pf66lh68:40636:ebeefdef All dispatchers stopped
2026-08-06 11:55:44.259 +02:00 [INF] Server pf66lh68:40636:ebeefdef successfully reported itself as stopped in 0.6049 ms
2026-08-06 11:55:44.261 +02:00 [INF] Server pf66lh68:40636:ebeefdef has been stopped in total 6.7128 ms
2026-08-06 11:56:14.961 +02:00 [WRN] No instantiatable types implementing `IEntityTypeConfiguration` were found while scanning assembly 'Payroll.Infrastructure, Version=1.0.0.0, Culture=neutral, PublicKeyToken=null'.
2026-08-06 11:56:16.197 +02:00 [WRN] The WebRootPath was not found: C:\Users\g990564\source\repos\payrollsa\payrollsa\src\Payroll.Api\wwwroot. Static files may be unavailable.
2026-08-06 11:56:16.242 +02:00 [WRN] The WebRootPath was not found: C:\Users\g990564\source\repos\payrollsa\payrollsa\src\Payroll.Api\wwwroot. Static files may be unavailable.
2026-08-06 11:56:16.305 +02:00 [INF] Starting Hangfire Server using job storage: 'In-Memory Storage'
2026-08-06 11:56:16.306 +02:00 [INF] Using the following options for Hangfire Server:
    Worker count: 20
    Listening queues: 'default'
    Shutdown timeout: 00:00:15
    Schedule polling interval: 00:00:15
2026-08-06 11:56:16.327 +02:00 [INF] Server pf66lh68:21524:3239a0b3 successfully announced in 2.9557 ms
2026-08-06 11:56:16.330 +02:00 [INF] Server pf66lh68:21524:3239a0b3 is starting the registered dispatchers: ServerWatchdog, ServerJobCancellationWatcher, Worker, DelayedJobScheduler, RecurringJobScheduler...
2026-08-06 11:56:16.338 +02:00 [INF] Server pf66lh68:21524:3239a0b3 all the dispatchers started
2026-08-06 12:37:20.591 +02:00 [WRN] No instantiatable types implementing `IEntityTypeConfiguration` were found while scanning assembly 'Payroll.Infrastructure, Version=1.0.0.0, Culture=neutral, PublicKeyToken=null'.
2026-08-06 12:37:21.532 +02:00 [WRN] The WebRootPath was not found: C:\Users\g990564\source\repos\payrollsa\payrollsa\src\Payroll.Api\wwwroot. Static files may be unavailable.
2026-08-06 12:37:21.585 +02:00 [WRN] The WebRootPath was not found: C:\Users\g990564\source\repos\payrollsa\payrollsa\src\Payroll.Api\wwwroot. Static files may be unavailable.
2026-08-06 12:37:21.650 +02:00 [INF] Starting Hangfire Server using job storage: 'In-Memory Storage'
2026-08-06 12:37:21.652 +02:00 [INF] Using the following options for Hangfire Server:
    Worker count: 20
    Listening queues: 'default'
    Shutdown timeout: 00:00:15
    Schedule polling interval: 00:00:15
2026-08-06 12:37:21.673 +02:00 [INF] Server pf66lh68:23952:798fe76c successfully announced in 2.5575 ms
2026-08-06 12:37:21.676 +02:00 [INF] Server pf66lh68:23952:798fe76c is starting the registered dispatchers: ServerWatchdog, ServerJobCancellationWatcher, Worker, DelayedJobScheduler, RecurringJobScheduler...
2026-08-06 12:37:21.711 +02:00 [INF] Server pf66lh68:23952:798fe76c all the dispatchers started
2026-08-06 12:38:48.193 +02:00 [INF] Server pf66lh68:23952:798fe76c caught stopping signal...
2026-08-06 12:38:48.222 +02:00 [INF] Server pf66lh68:23952:798fe76c All dispatchers stopped
2026-08-06 12:38:48.227 +02:00 [INF] Server pf66lh68:23952:798fe76c successfully reported itself as stopped in 0.6856 ms
2026-08-06 12:38:48.228 +02:00 [INF] Server pf66lh68:23952:798fe76c has been stopped in total 7.8251 ms
2026-08-06 12:39:10.133 +02:00 [WRN] No instantiatable types implementing `IEntityTypeConfiguration` were found while scanning assembly 'Payroll.Infrastructure, Version=1.0.0.0, Culture=neutral, PublicKeyToken=null'.
2026-08-06 12:39:10.934 +02:00 [WRN] The WebRootPath was not found: C:\Users\g990564\source\repos\payrollsa\payrollsa\src\Payroll.Api\wwwroot. Static files may be unavailable.
2026-08-06 12:39:10.990 +02:00 [WRN] The WebRootPath was not found: C:\Users\g990564\source\repos\payrollsa\payrollsa\src\Payroll.Api\wwwroot. Static files may be unavailable.
2026-08-06 12:39:11.043 +02:00 [INF] Starting Hangfire Server using job storage: 'In-Memory Storage'
2026-08-06 12:39:11.044 +02:00 [INF] Using the following options for Hangfire Server:
    Worker count: 20
    Listening queues: 'default'
    Shutdown timeout: 00:00:15
    Schedule polling interval: 00:00:15
2026-08-06 12:39:11.062 +02:00 [INF] Server pf66lh68:38376:80b0be45 successfully announced in 2.6424 ms
2026-08-06 12:39:11.066 +02:00 [INF] Server pf66lh68:38376:80b0be45 is starting the registered dispatchers: ServerWatchdog, ServerJobCancellationWatcher, Worker, DelayedJobScheduler, RecurringJobScheduler...
2026-08-06 12:39:11.074 +02:00 [INF] Server pf66lh68:38376:80b0be45 all the dispatchers started
2026-08-06 12:39:30.560 +02:00 [WRN] Failed to determine the https port for redirect.
2026-08-06 12:39:30.631 +02:00 [INF] HTTP HEAD /swagger/index.html responded 404 in 70.7008 ms
2026-08-06 12:39:52.065 +02:00 [WRN] You do not have a valid license key for the Lucky Penny software MediatR. This is allowed for development and testing scenarios. If you are running in production you are required to have a licensed version. Please visit https://luckypennysoftware.com to obtain a valid license.
2026-08-06 12:39:52.124 +02:00 [INF] HTTP POST /api/auth/login responded 400 in 89.2524 ms
2026-08-06 12:39:53.033 +02:00 [INF] HTTP POST /api/auth/register-company responded 400 in 16.1002 ms
2026-08-06 12:40:02.165 +02:00 [INF] HTTP POST /api/auth/login responded 200 in 322.8637 ms
2026-08-06 12:40:02.759 +02:00 [INF] HTTP POST /api/auth/register-company responded 200 in 231.8522 ms
